// Jest Snapshot v1, https://goo.gl/fbAQLP

exports[`should render expense list with expenses 1`] = `
<div>
  <h1>
    Expense List
  </h1>
  <table>
    <thead>
      <tr>
        <th
          className="description"
        >
          Description
        </th>
        <th
          className="amount"
        >
          Amount
        </th>
        <th
          className="created-at"
        >
          Created
        </th>
        <th
          className="note"
        >
          Note
        </th>
        <th
          className="edit-button"
        />
      </tr>
    </thead>
    <tbody>
      <ExpenseListItem
        amount={195}
        createdAt={0}
        description="Gum"
        id="1"
        note=""
      />
      <ExpenseListItem
        amount={109500}
        createdAt={-345600000}
        description="Rent"
        id="2"
        note=""
      />
      <ExpenseListItem
        amount={4500}
        createdAt={345600000}
        description="Credit Card"
        id="3"
        note=""
      />
    </tbody>
  </table>
</div>
`;
